"""Implement a new version of the find_best_route function to solve the TSP problem.
AVOID brute force solutions, create new heuristics
PROVIDE just the python code for the new version of the function, i.e. find_best_route_vx"""
import numpy as np
import math
from numpy import ndarray
import funsearch

from examples.util import read_distance_matrix



def evaluate(n: int) -> float:
    """
    Evaluate the find_best_route function, calculating the total distance of the best valid route.
    Penalizes invalid routes (e.g., repeated or missing cities).
    """
    matrix_distances = read_distance_matrix()

    best_route = find_best_route(matrix_distances)
    return calculate_route_distance(best_route, matrix_distances)


def find_best_route_v0(_distances: np.ndarray) -> tuple[int, ...]:
    """
    Objective: Find a permutation of cities that minimizes the total route distance,
    including the return to the starting city.
    
    Parameters:
    _distances (np.ndarray): A square matrix of distances between cities, shape (n, n)

    You may invent or combine heuristics from scratch, or use strategies such as:
        - nearest neighbor
        - cheapest insertion
        - local search
        - 2-opt
        - hybrid or novel heuristics of your own design

    Routes must include all cities exactly once and return to the starting point.
    """
    return tuple(range(len(_distances)))


def find_best_route_v1(_distances: np.ndarray) -> tuple[int, ...]:
    """Improved version of `find_best_route_v0`."""
    """Further improved version of `find_best_route_v1`."""

    # Implement an improved heuristic or combine multiple heuristics to improve performance.
    # Consider using a hybrid approach that combines different strategies.

    # Return the best route as a tuple of city indices.
    return tuple(range(len(_distances)))


def find_best_route_v2(_distances: np.ndarray) -> tuple[int, ...]:
    """Improved version of `find_best_route_v1`."""

