"""Implement a new version of the find_best_route function to solve the TSP problem.
AVOID brute force solutions, create new heuristics and if you are going to use randomness, stabilize it by setting a seed to ensure reproducibility.
PROVIDE just the python code for the new version of the function, i.e. find_best_route_vx"""
import numpy as np
import math
from numpy import ndarray
import funsearch

from examples.util import read_distance_matrix



def evaluate(n: int) -> float:
    """
    Evaluate the find_best_route function, calculating the total distance of the best valid route.
    Penalizes invalid routes (e.g., repeated or missing cities).
    """
    matrix_distances = read_distance_matrix()

    best_route = find_best_route(matrix_distances)
    return calculate_route_distance(best_route, matrix_distances)


def find_best_route_v0(_distances: np.ndarray) -> tuple[int, ...]:
    """
    Objective: Find a permutation of cities that minimizes the total route distance,
    including the return to the starting city.
    
    Parameters:
    _distances (np.ndarray): A square matrix of distances between cities, shape (n, n)

    You may use at least one strategy or combine two or more heuristics from the list below:
        - nearest neighbor
        - cheapest insertion
        - local search
        - 2-opt
        - hybrid or novel heuristics of your own design
        - aco (ant colony optimization)
        - genetic algorithms
        - k-opt
        - tabu search

    Routes must include all cities exactly once and return to the starting point.
    """
    return tuple(range(len(_distances)))


def find_best_route_v1(_distances: np.ndarray) -> tuple[int, ...]:
    """Improved version of `find_best_route_v0`."""

